// Jest Snapshot v1, https://goo.gl/fbAQLP

exports[`BusinessCard Component When provided with no info Should render correctly 1`] = `<div />`;

exports[`BusinessCard Component When provided with randomFoodName and address Should render correctly 1`] = `<div />`;
